{
    "Should run without failures": {
        "content": [
            {
                "0": [
                    "normalized_counts.tsv:md5,a0124c7a24bd04296f441d9ade82a05f"
                ],
                "1": [
                    "normalized_counts_wo_HKnorm.tsv:md5,5a2ce112c24e1b0d0f4cf3392111ef9e"
                ],
                "2": [
                    "versions.yml:md5,48b34cd3436038e6e80c7f92880be9f1"
                ],
                "normalized_counts": [
                    "normalized_counts.tsv:md5,a0124c7a24bd04296f441d9ade82a05f"
                ],
                "normalized_counts_wo_HK": [
                    "normalized_counts_wo_HKnorm.tsv:md5,5a2ce112c24e1b0d0f4cf3392111ef9e"
                ],
                "versions": [
                    "versions.yml:md5,48b34cd3436038e6e80c7f92880be9f1"
                ]
            }
        ],
        "meta": {
            "nf-test": "0.9.2",
            "nextflow": "24.10.1"
        },
        "timestamp": "2024-11-26T14:56:01.696817905"
    }
}